This is XeTeX, Version 3.14159265-2.6-0.999991 (TeX Live 2019) (preloaded format=xelatex 2021.1.14)  24 OCT 2021 07:27
entering extended mode
 restricted \write18 enabled.
 file:line:error style messages enabled.
 %&-line parsing enabled.
**1_0_Statistical_mechanics.tex
(./1_0_Statistical_mechanics.tex
LaTeX2e <2018-12-01>
./1_0_Statistical_mechanics.tex:22: Undefined control sequence.
l.22 \xdef\sectiontitle{\Isectiontitle
                                      } %aiheuttama
? 
./1_0_Statistical_mechanics.tex:22: Emergency stop.
l.22 \xdef\sectiontitle{\Isectiontitle
                                      } %aiheuttama
End of file on the terminal!

 
Here is how much of TeX's memory you used:
 5 strings out of 492916
 126 string characters out of 6133345
 64431 words of memory out of 5000000
 4160 multiletter control sequences out of 15000+600000
 3640 words of font info for 14 fonts, out of 8000000 for 9000
 1348 hyphenation exceptions out of 8191
 4i,0n,1p,102b,8s stack positions out of 5000i,500n,10000p,200000b,80000s
No pages of output.
